root@dok:~/black_box# kind get clusters
argocd-cluster
root@dok:~/black_box# kind delete cluster -n argocd-cluster
Deleting cluster "argocd-cluster" ...
Deleted nodes: ["argocd-cluster-control-plane"]
root@dok:~/black_box# kind create cluster --config kind-cluster-config.yaml --name argocd-cluster
Creating cluster "argocd-cluster" ...
 ‚úì Ensuring node image (kindest/node:v1.31.2) üñº
 ‚úì Preparing nodes üì¶  
 ‚úì Writing configuration üìú 
 ‚úì Starting control-plane üïπÔ∏è 
 ‚úì Installing CNI üîå 
 ‚úì Installing StorageClass üíæ 
Set kubectl context to "kind-argocd-cluster"
You can now use your cluster with:

kubectl cluster-info --context kind-argocd-cluster

Thanks for using kind! üòä
root@dok:~/black_box# kubectl create namespace argocd
namespace/argocd created
root@dok:~/black_box# helm repo add argo https://argoproj.github.io/argo-helm
"argo" already exists with the same configuration, skipping
root@dok:~/black_box# helm repo update
Hang tight while we grab the latest from your chart repositories...
...Successfully got an update from the "argo" chart repository
Update Complete. ‚éàHappy Helming!‚éà
root@dok:~/black_box# helm install argocd argo/argo-cd --namespace argocd --set server.service.type=LoadBalancer
NAME: argocd
LAST DEPLOYED: Thu Feb  6 13:50:57 2025
NAMESPACE: argocd
STATUS: deployed
REVISION: 1
TEST SUITE: None
NOTES:
In order to access the server UI you have the following options:

1. kubectl port-forward service/argocd-server -n argocd 8080:443

    and then open the browser on http://localhost:8080 and accept the certificate

2. enable ingress in the values file `server.ingress.enabled` and either
      - Add the annotation for ssl passthrough: https://argo-cd.readthedocs.io/en/stable/operator-manual/ingress/#option-1-ssl-passthrough
      - Set the `configs.params."server.insecure"` in the values file and terminate SSL at your ingress: https://argo-cd.readthedocs.io/en/stable/operator-manual/ingress/#option-2-multiple-ingress-objects-and-hosts


After reaching the UI the first time you can login with username: admin and the random password generated during the installation. You can find the password by running:

kubectl -n argocd get secret argocd-initial-admin-secret -o jsonpath="{.data.password}" | base64 -d

(You should delete the initial secret afterwards as suggested by the Getting Started Guide: https://argo-cd.readthedocs.io/en/stable/getting_started/#4-login-using-the-cli)
root@dok:~/black_box# kubectl -n argocd get secret argocd-initial-admin-secret -o jsonpath="{.data.password}" | base64 -d
root@dok:~/black_box# kubectl apply -f - <<EOF
apiVersion: argoproj.io/v1alpha1
kind: AppProject
metadata:
  name: default
  namespace: argocd
spec:
  sourceRepos:
    - '*'
  destinations:
    - namespace: '*'
      server: '*'
  clusterResourceWhitelist:
    - group: '*'
       kind: '*'
EOF
error: error parsing STDIN: error converting YAML to JSON: yaml: line 13: did not find expected key
root@dok:~/black_box# kubectl apply -f - <<EOF
apiVersion: argoproj.io/v1alpha1
kind: AppProject
metadata:
  name: default
  namespace: argocd
spec:
  sourceRepos:
    - '*'
  destinations:
    - namespace: '*'
      server: '*'
  clusterResourceWhitelist:
    - group: '*'
      kind: '*'
EOF
Warning: resource appprojects/default is missing the kubectl.kubernetes.io/last-applied-configuration annotation which is required by kubectl apply. kubectl apply should only be used on resources created declaratively by either kubectl create --save-config or kubectl apply. The missing annotation will be patched automatically.
appproject.argoproj.io/default configured
root@dok:~/black_box# kubectl apply -f argocd/dev-apps/app-of-apps.yaml
application.argoproj.io/app-of-apps created
root@dok:~/black_box# argocd repo add git@github.com:ippanpeople/black_box.git --ssh-private-key-path /root/.ssh/id_ed25519
FATA[0000] rpc error: code = Unauthenticated desc = invalid session: signature is invalid 
root@dok:~/black_box# argocd login localhost:8080 --username admin --password cb3j-GUFisxFzvsT --insecure
'admin:login' logged in successfully
Context 'localhost:8080' updated
root@dok:~/black_box# argocd repo add git@github.com:ippanpeople/black_box.git --ssh-private-key-path /root/.ssh/id_ed25519
Repository 'git@github.com:ippanpeople/black_box.git' added
root@dok:~/black_box# argocd app sync app-of-apps --force
TIMESTAMP  GROUP        KIND   NAMESPACE                  NAME    STATUS   HEALTH        HOOK  MESSAGE
2025-02-06T13:58:56+09:00  monitoring.coreos.com  ServiceMonitor  monitoring  prometheus-blackbox-exporter-monitor            SyncFailed              The Kubernetes API could not find monitoring.coreos.com/ServiceMonitor for requested resource monitoring/prometheus-blackbox-exporter-monitor. Make sure the "ServiceMonitor" CRD is installed on the destination cluster.

Name:               argocd/app-of-apps
Project:            default
Server:             https://kubernetes.default.svc
Namespace:          argocd
URL:                https://argocd.example.com/applications/app-of-apps
Source:
- Repo:             git@github.com:ippanpeople/black_box.git
  Target:           master
  Path:             argocd/dev-apps
SyncWindow:         Sync Allowed
Sync Policy:        Automated (Prune)
Sync Status:        OutOfSync from master (1752978)
Health Status:      Healthy

Operation:          Sync
Sync Revision:      175297801ddc7bfd56ebe132881cadd975e3ea21
Phase:              Failed
Start:              2025-02-06 13:58:53 +0900 JST
Finished:           2025-02-06 13:58:56 +0900 JST
Duration:           3s
Message:            one or more synchronization tasks are not valid

GROUP                  KIND            NAMESPACE   NAME                                  STATUS     HEALTH   HOOK  MESSAGE
monitoring.coreos.com  ServiceMonitor  monitoring  prometheus-blackbox-exporter-monitor  OutOfSync  Missing        The Kubernetes API could not find monitoring.coreos.com/ServiceMonitor for requested resource monitoring/prometheus-blackbox-exporter-monitor. Make sure the "ServiceMonitor" CRD is installed on the destination cluster.
argoproj.io            Application     argocd      app-of-apps                           OutOfSync                 
argoproj.io            Application     argocd      kube-prometheus-stack                 OutOfSync  Missing        
argoproj.io            Application     argocd      kube-prometheus-stack-crds            OutOfSync  Missing        
argoproj.io            Application     argocd      prometheus-blackbox-exporter          OutOfSync  Missing        
FATA[0008] Operation has completed with phase: Failed   
root@dok:~/black_box# kubectl get crd servicemonitors.monitoring.coreos.com
Error from server (NotFound): customresourcedefinitions.apiextensions.k8s.io "servicemonitors.monitoring.coreos.com" not found
root@dok:~/black_box# git status
On branch master
Your branch is up to date with 'origin/master'.

Changes not staged for commit:
  (use "git add <file>..." to update what will be committed)
  (use "git restore <file>..." to discard changes in working directory)
        modified:   argocd/dev-apps/kube-prometheus-stack.yaml

Untracked files:
  (use "git add <file>..." to include in what will be committed)
        kind-cluster-config.yaml
        log

no changes added to commit (use "git add" and/or "git commit -a")
root@dok:~/black_box# git add argocd/dev-apps/kube-prometheus-stack.yaml
root@dok:~/black_box# git commit -m "‰øÆÊ≠£"
[master 8c5aee9] ‰øÆÊ≠£
 1 file changed, 1 insertion(+), 1 deletion(-)
root@dok:~/black_box# git push
Enumerating objects: 9, done.
Counting objects: 100% (9/9), done.
Delta compression using up to 4 threads
Compressing objects: 100% (4/4), done.
Writing objects: 100% (5/5), 448 bytes | 448.00 KiB/s, done.
Total 5 (delta 2), reused 0 (delta 0), pack-reused 0
remote: Resolving deltas: 100% (2/2), completed with 2 local objects.
To github.com:ippanpeople/black_box.git
   1752978..8c5aee9  master -> master
root@dok:~/black_box# argocd app sync app-of-apps --force
TIMESTAMP                  GROUP                        KIND       NAMESPACE                  NAME                    STATUS    HEALTH        HOOK  MESSAGE
2025-02-06T14:05:39+09:00  argoproj.io            Application         argocd           app-of-apps                  OutOfSync                       
2025-02-06T14:05:39+09:00  argoproj.io            Application         argocd  kube-prometheus-stack                 OutOfSync  Missing              
2025-02-06T14:05:39+09:00  argoproj.io            Application         argocd  kube-prometheus-stack-crds            OutOfSync  Missing              
2025-02-06T14:05:39+09:00  argoproj.io            Application         argocd  prometheus-blackbox-exporter          OutOfSync  Missing              
2025-02-06T14:05:39+09:00  monitoring.coreos.com  ServiceMonitor  monitoring  prometheus-blackbox-exporter-monitor  OutOfSync  Missing              
2025-02-06T14:05:41+09:00  monitoring.coreos.com  ServiceMonitor  monitoring  prometheus-blackbox-exporter-monitor  OutOfSync  Missing              The Kubernetes API could not find monitoring.coreos.com/ServiceMonitor for requested resource monitoring/prometheus-blackbox-exporter-monitor. Make sure the "ServiceMonitor" CRD is installed on the destination cluster.

Name:               argocd/app-of-apps
Project:            default
Server:             https://kubernetes.default.svc
Namespace:          argocd
URL:                https://argocd.example.com/applications/app-of-apps
Source:
- Repo:             git@github.com:ippanpeople/black_box.git
  Target:           master
  Path:             argocd/dev-apps
SyncWindow:         Sync Allowed
Sync Policy:        Automated (Prune)
Sync Status:        OutOfSync from master (8c5aee9)
Health Status:      Healthy

Operation:          Sync
Sync Revision:      8c5aee9289890f6be5789e339b9f76a7b62bfaae
Phase:              Failed
Start:              2025-02-06 14:05:39 +0900 JST
Finished:           2025-02-06 14:05:41 +0900 JST
Duration:           2s
Message:            one or more synchronization tasks are not valid

GROUP                  KIND            NAMESPACE   NAME                                  STATUS     HEALTH   HOOK  MESSAGE
monitoring.coreos.com  ServiceMonitor  monitoring  prometheus-blackbox-exporter-monitor  OutOfSync  Missing        The Kubernetes API could not find monitoring.coreos.com/ServiceMonitor for requested resource monitoring/prometheus-blackbox-exporter-monitor. Make sure the "ServiceMonitor" CRD is installed on the destination cluster.
argoproj.io            Application     argocd      app-of-apps                           OutOfSync                 
argoproj.io            Application     argocd      kube-prometheus-stack                 OutOfSync  Missing        
argoproj.io            Application     argocd      kube-prometheus-stack-crds            OutOfSync  Missing        
argoproj.io            Application     argocd      prometheus-blackbox-exporter          OutOfSync  Missing        
FATA[0006] Operation has completed with phase: Failed   
root@dok:~/black_box# kubectl apply -f argocd/dev-apps/prometheus-blackbox-exporter-monitor.yaml 
error: resource mapping not found for name: "prometheus-blackbox-exporter-monitor" namespace: "monitoring" from "argocd/dev-apps/prometheus-blackbox-exporter-monitor.yaml": no matches for kind "ServiceMonitor" in version "monitoring.coreos.com/v1"
ensure CRDs are installed first
root@dok:~/black_box# kubectl apply -f argocd/dev-apps/kube-prometheus-stack
kube-prometheus-stack-crd.yaml  kube-prometheus-stack.yaml
root@dok:~/black_box# kubectl apply -f argocd/dev-apps/kube-prometheus-stack-crd.yaml 
application.argoproj.io/kube-prometheus-stack-crds created
root@dok:~/black_box# git add argocd/dev-apps/kube-prometheus-stack.yaml
root@dok:~/black_box# git commit -m "‰øÆÊ≠£"
[master 88162e8] ‰øÆÊ≠£
 1 file changed, 1 insertion(+), 1 deletion(-)
root@dok:~/black_box# git push
Enumerating objects: 9, done.
Counting objects: 100% (9/9), done.
Delta compression using up to 4 threads
Compressing objects: 100% (4/4), done.
Writing objects: 100% (5/5), 447 bytes | 447.00 KiB/s, done.
Total 5 (delta 2), reused 0 (delta 0), pack-reused 0
remote: Resolving deltas: 100% (2/2), completed with 2 local objects.
To github.com:ippanpeople/black_box.git
   8c5aee9..88162e8  master -> master
root@dok:~/black_box# argocd app sync app-of-apps --force
TIMESTAMP                  GROUP                        KIND       NAMESPACE                  NAME                    STATUS    HEALTH        HOOK  MESSAGE
2025-02-06T14:08:56+09:00  argoproj.io            Application         argocd  kube-prometheus-stack                 OutOfSync  Missing              
2025-02-06T14:08:56+09:00  argoproj.io            Application         argocd  kube-prometheus-stack-crds            OutOfSync  Missing              
2025-02-06T14:08:56+09:00  argoproj.io            Application         argocd  prometheus-blackbox-exporter          OutOfSync  Missing              
2025-02-06T14:08:56+09:00  monitoring.coreos.com  ServiceMonitor  monitoring  prometheus-blackbox-exporter-monitor  OutOfSync  Missing              
2025-02-06T14:08:56+09:00  argoproj.io            Application         argocd           app-of-apps                  OutOfSync                       
2025-02-06T14:09:00+09:00  argoproj.io  Application      argocd  prometheus-blackbox-exporter    Synced  Missing              
2025-02-06T14:09:00+09:00  argoproj.io  Application      argocd  kube-prometheus-stack    Synced  Missing              
2025-02-06T14:09:00+09:00  argoproj.io  Application      argocd           app-of-apps          Synced                       
2025-02-06T14:09:00+09:00  argoproj.io  Application      argocd  kube-prometheus-stack-crds    Synced  Missing              
2025-02-06T14:09:00+09:00  argoproj.io            Application         argocd  prometheus-blackbox-exporter            Synced   Missing              application.argoproj.io/prometheus-blackbox-exporter created
2025-02-06T14:09:00+09:00  argoproj.io            Application         argocd  kube-prometheus-stack                   Synced   Missing              application.argoproj.io/kube-prometheus-stack created
2025-02-06T14:09:00+09:00  argoproj.io            Application         argocd           app-of-apps                    Synced                        application.argoproj.io/app-of-apps configured
2025-02-06T14:09:00+09:00  argoproj.io            Application         argocd  kube-prometheus-stack-crds              Synced   Missing              application.argoproj.io/kube-prometheus-stack-crds configured
2025-02-06T14:09:00+09:00  monitoring.coreos.com  ServiceMonitor  monitoring  prometheus-blackbox-exporter-monitor  OutOfSync  Missing              servicemonitor.monitoring.coreos.com/prometheus-blackbox-exporter-monitor created
2025-02-06T14:09:00+09:00  monitoring.coreos.com  ServiceMonitor  monitoring  prometheus-blackbox-exporter-monitor    Synced  Missing              servicemonitor.monitoring.coreos.com/prometheus-blackbox-exporter-monitor created

Name:               argocd/app-of-apps
Project:            default
Server:             https://kubernetes.default.svc
Namespace:          argocd
URL:                https://argocd.example.com/applications/app-of-apps
Source:
- Repo:             git@github.com:ippanpeople/black_box.git
  Target:           master
  Path:             argocd/dev-apps
SyncWindow:         Sync Allowed
Sync Policy:        Automated (Prune)
Sync Status:        Synced to master (88162e8)
Health Status:      Healthy

Operation:          Sync
Sync Revision:      88162e825a82cc8f03cebc52d3988d6851be538b
Phase:              Succeeded
Start:              2025-02-06 14:08:59 +0900 JST
Finished:           2025-02-06 14:09:00 +0900 JST
Duration:           1s
Message:            successfully synced (all tasks run)

GROUP                  KIND            NAMESPACE   NAME                                  STATUS  HEALTH  HOOK  MESSAGE
argoproj.io            Application     argocd      prometheus-blackbox-exporter          Synced                application.argoproj.io/prometheus-blackbox-exporter created
argoproj.io            Application     argocd      kube-prometheus-stack                 Synced                application.argoproj.io/kube-prometheus-stack created
argoproj.io            Application     argocd      app-of-apps                           Synced                application.argoproj.io/app-of-apps configured
argoproj.io            Application     argocd      kube-prometheus-stack-crds            Synced                application.argoproj.io/kube-prometheus-stack-crds configured
monitoring.coreos.com  ServiceMonitor  monitoring  prometheus-blackbox-exporter-monitor  Synced                servicemonitor.monitoring.coreos.com/prometheus-blackbox-exporter-monitor created
root@dok:~/black_box# kubectl logs prometheus-blackbox-exporter-ff76cbc87-tthz4 -n monitoring
ts=2025-02-06T05:15:07.710Z caller=main.go:87 level=info msg="Starting blackbox_exporter" version="(version=0.25.0, branch=HEAD, revision=ef3ff4fef195333fb8ee0039fb487b2f5007908f)"
ts=2025-02-06T05:15:07.710Z caller=main.go:88 level=info build_context="(go=go1.22.2, platform=linux/amd64, user=root@47d5b0d99f18, date=20240409-12:58:39, tags=unknown)"
ts=2025-02-06T05:15:07.710Z caller=main.go:91 level=error msg="Error loading config" err="error parsing config file: yaml: unmarshal errors:\n  line 14: field tls not found in type config.plain"
root@dok:~/black_box#  kubectl get secret -n monitoring prometheus-grafana -o jsonpath="{.data.admin-password}" | base64 --decode ; echo
Error from server (NotFound): secrets "prometheus-grafana" not found

root@dok:~/black_box# kubectl get secret -n monitoring prometheus-grafana -o jsonpath="{.data.admin-password}" | base64 --decode ; echo
Error from server (NotFound): secrets "prometheus-grafana" not found

root@dok:~/black_box# kubectl get secrets
No resources found in default namespace.
root@dok:~/black_box# kubectl get secrets -ns monitoring
Error from server (NotFound): namespaces "s" not found
root@dok:~/black_box# kubectl get namespaces
NAME                 STATUS   AGE
argocd               Active   27m
default              Active   27m
kube-node-lease      Active   27m
kube-public          Active   27m
kube-system          Active   27m
local-path-storage   Active   27m
monitoring           Active   9m38s
root@dok:~/black_box# kubectl get secrets -ns kubectl get secret -n monitoring prometheus-grafana -o jsonpath="{.data.admin-password}" | base64 --decode ; echo
^C
root@dok:~/black_box# kubectl get secrets -ns monitoring
Error from server (NotFound): namespaces "s" not found
root@dok:~/black_box# kubectl get secrets -n monitoring
NAME                                                           TYPE     DATA   AGE
alertmanager-kube-prometheus-stack-alertmanager                Opaque   1      9m11s
alertmanager-kube-prometheus-stack-alertmanager-generated      Opaque   1      9m3s
alertmanager-kube-prometheus-stack-alertmanager-tls-assets-0   Opaque   0      9m3s
alertmanager-kube-prometheus-stack-alertmanager-web-config     Opaque   1      9m3s
kube-prometheus-stack-admission                                Opaque   3      9m15s
kube-prometheus-stack-grafana                                  Opaque   3      9m11s
prometheus-kube-prometheus-stack-prometheus                    Opaque   1      9m3s
prometheus-kube-prometheus-stack-prometheus-tls-assets-0       Opaque   0      9m3s
prometheus-kube-prometheus-stack-prometheus-web-config         Opaque   1      9m3s
root@dok:~/black_box# kubectl get secret -n monitoring kube-prometheus-stack-grafana -o jsonpath="{.data.admin-password}" | base6
4 --decode ; echo
prom-operator
root@dok:~/black_box# kubectl get namespaces^C
root@dok:~/black_box# git status
On branch master
Your branch is up to date with 'origin/master'.

Changes not staged for commit:
  (use "git add <file>..." to update what will be committed)
  (use "git restore <file>..." to discard changes in working directory)
        modified:   helm/dev-charts/prometheus-blackbox-exporter/values.yaml

Untracked files:
  (use "git add <file>..." to include in what will be committed)
        kind-cluster-config.yaml
        log

no changes added to commit (use "git add" and/or "git commit -a")
root@dok:~/black_box# git add helm/dev-charts/prometheus-blackbox-exporter/values.yaml
root@dok:~/black_box# git commit -m "add extraArgs"
[master c7fad85] add extraArgs
 1 file changed, 3 insertions(+), 2 deletions(-)
root@dok:~/black_box# git push
Enumerating objects: 11, done.
Counting objects: 100% (11/11), done.
Delta compression using up to 4 threads
Compressing objects: 100% (4/4), done.
Writing objects: 100% (6/6), 478 bytes | 478.00 KiB/s, done.
Total 6 (delta 3), reused 0 (delta 0), pack-reused 0
remote: Resolving deltas: 100% (3/3), completed with 3 local objects.
To github.com:ippanpeople/black_box.git
   88162e8..c7fad85  master -> master
root@dok:~/black_box# argocd app sync prometheus-blackbox-exporter --force
TIMESTAMP                  GROUP        KIND       NAMESPACE                  NAME            STATUS   HEALTH         HOOK  MESSAGE
2025-02-06T14:27:15+09:00          ConfigMap      monitoring  prometheus-blackbox-exporter    Synced                        
2025-02-06T14:27:15+09:00            Service      monitoring  prometheus-blackbox-exporter    Synced  Healthy               
2025-02-06T14:27:15+09:00         ServiceAccount  monitoring  prometheus-blackbox-exporter    Synced                        
2025-02-06T14:27:15+09:00   apps  Deployment      monitoring  prometheus-blackbox-exporter    Synced  Degraded              
2025-02-06T14:27:18+09:00          ConfigMap  monitoring  prometheus-blackbox-exporter  OutOfSync                       
2025-02-06T14:27:18+09:00         ServiceAccount  monitoring  prometheus-blackbox-exporter    Synced                         serviceaccount/prometheus-blackbox-exporter unchanged
2025-02-06T14:27:18+09:00          ConfigMap      monitoring  prometheus-blackbox-exporter  OutOfSync                        configmap/prometheus-blackbox-exporter configured
2025-02-06T14:27:18+09:00            Service      monitoring  prometheus-blackbox-exporter    Synced   Healthy               service/prometheus-blackbox-exporter unchanged
2025-02-06T14:27:18+09:00   apps  Deployment      monitoring  prometheus-blackbox-exporter    Synced   Degraded              deployment.apps/prometheus-blackbox-exporter configured
2025-02-06T14:27:18+09:00   apps  Deployment  monitoring  prometheus-blackbox-exporter  OutOfSync  Progressing              deployment.apps/prometheus-blackbox-exporter configured

Name:               argocd/prometheus-blackbox-exporter
Project:            default
Server:             https://kubernetes.default.svc
Namespace:          monitoring
URL:                https://argocd.example.com/applications/prometheus-blackbox-exporter
Sources:
- Repo:             https://prometheus-community.github.io/helm-charts
  Target:           9.2.0
  Helm Values:      $values/helm/dev-charts/prometheus-blackbox-exporter/values.yaml
- Repo:             git@github.com:ippanpeople/black_box.git
  Target:           HEAD
  Ref:              values
SyncWindow:         Sync Allowed
Sync Policy:        Automated (Prune)
Sync Status:        Synced to 9.2.0
Health Status:      Progressing

Operation:          Sync
Sync Revision:      9.2.0, c7fad85f398067b34f8485a8db22e04b104e3842
Phase:              Succeeded
Start:              2025-02-06 14:27:15 +0900 JST
Finished:           2025-02-06 14:27:18 +0900 JST
Duration:           3s
Message:            successfully synced (all tasks run)

GROUP  KIND            NAMESPACE   NAME                          STATUS  HEALTH       HOOK  MESSAGE
       ServiceAccount  monitoring  prometheus-blackbox-exporter  Synced                     serviceaccount/prometheus-blackbox-exporter unchanged
       ConfigMap       monitoring  prometheus-blackbox-exporter  Synced                     configmap/prometheus-blackbox-exporter configured
       Service         monitoring  prometheus-blackbox-exporter  Synced  Healthy            service/prometheus-blackbox-exporter unchanged
apps   Deployment      monitoring  prometheus-blackbox-exporter  Synced  Progressing        deployment.apps/prometheus-blackbox-exporter configured
root@dok:~/black_box# kubectl logs prometheus-blackbox-exporter-ff76cbc87-tthz4 -n monitoring
ts=2025-02-06T05:25:13.627Z caller=main.go:87 level=info msg="Starting blackbox_exporter" version="(version=0.25.0, branch=HEAD, revision=ef3ff4fef195333fb8ee0039fb487b2f5007908f)"
ts=2025-02-06T05:25:13.627Z caller=main.go:88 level=info build_context="(go=go1.22.2, platform=linux/amd64, user=root@47d5b0d99f18, date=20240409-12:58:39, tags=unknown)"
ts=2025-02-06T05:25:13.627Z caller=main.go:91 level=error msg="Error loading config" err="error parsing config file: yaml: unmarshal errors:\n  line 14: field tls not found in type config.plain"
root@dok:~/black_box# git add helm/dev-charts/prometheus-blackbox-exporter/values.yaml
root@dok:~/black_box# git commit -m "delete extraArgs"
[master 38615e9] delete extraArgs
 1 file changed, 3 deletions(-)
root@dok:~/black_box# git push
^[[A^[[A^[[AEnumerating objects: 11, done.
Counting objects: 100% (11/11), done.
Delta compression using up to 4 threads
Compressing objects: 100% (4/4), done.
Writing objects: 100% (6/6), 430 bytes | 430.00 KiB/s, done.
Total 6 (delta 3), reused 0 (delta 0), pack-reused 0
remote: Resolving deltas: 100% (3/3), completed with 3 local objects.
To github.com:ippanpeople/black_box.git
   c7fad85..38615e9  master -> master
root@dok:~/black_box# argocd app sync prometheus-blackbox-exporter --force
TIMESTAMP                  GROUP        KIND       NAMESPACE                  NAME            STATUS   HEALTH            HOOK  MESSAGE
2025-02-06T14:29:10+09:00         ServiceAccount  monitoring  prometheus-blackbox-exporter    Synced                           
2025-02-06T14:29:10+09:00   apps  Deployment      monitoring  prometheus-blackbox-exporter    Synced  Progressing              
2025-02-06T14:29:10+09:00          ConfigMap      monitoring  prometheus-blackbox-exporter    Synced                           
2025-02-06T14:29:10+09:00            Service      monitoring  prometheus-blackbox-exporter    Synced  Healthy                  
2025-02-06T14:29:12+09:00          ConfigMap      monitoring  prometheus-blackbox-exporter    Synced                           configmap/prometheus-blackbox-exporter unchanged
2025-02-06T14:29:12+09:00            Service      monitoring  prometheus-blackbox-exporter    Synced  Healthy                  service/prometheus-blackbox-exporter unchanged
2025-02-06T14:29:12+09:00   apps  Deployment      monitoring  prometheus-blackbox-exporter    Synced  Progressing              deployment.apps/prometheus-blackbox-exporter configured
2025-02-06T14:29:12+09:00         ServiceAccount  monitoring  prometheus-blackbox-exporter    Synced                           serviceaccount/prometheus-blackbox-exporter unchanged
2025-02-06T14:29:12+09:00   apps  Deployment  monitoring  prometheus-blackbox-exporter  OutOfSync  Progressing              deployment.apps/prometheus-blackbox-exporter configured

Name:               argocd/prometheus-blackbox-exporter
Project:            default
Server:             https://kubernetes.default.svc
Namespace:          monitoring
URL:                https://argocd.example.com/applications/prometheus-blackbox-exporter
Sources:
- Repo:             https://prometheus-community.github.io/helm-charts
  Target:           9.2.0
  Helm Values:      $values/helm/dev-charts/prometheus-blackbox-exporter/values.yaml
- Repo:             git@github.com:ippanpeople/black_box.git
  Target:           HEAD
  Ref:              values
SyncWindow:         Sync Allowed
Sync Policy:        Automated (Prune)
Sync Status:        Synced to 9.2.0
Health Status:      Healthy

Operation:          Sync
Sync Revision:      9.2.0, 38615e973843d17142519c8addf6975b8c68af0c
Phase:              Succeeded
Start:              2025-02-06 14:29:09 +0900 JST
Finished:           2025-02-06 14:29:12 +0900 JST
Duration:           3s
Message:            successfully synced (all tasks run)

GROUP  KIND            NAMESPACE   NAME                          STATUS  HEALTH   HOOK  MESSAGE
       ServiceAccount  monitoring  prometheus-blackbox-exporter  Synced                 serviceaccount/prometheus-blackbox-exporter unchanged
       ConfigMap       monitoring  prometheus-blackbox-exporter  Synced                 configmap/prometheus-blackbox-exporter unchanged
       Service         monitoring  prometheus-blackbox-exporter  Synced  Healthy        service/prometheus-blackbox-exporter unchanged
apps   Deployment      monitoring  prometheus-blackbox-exporter  Synced  Healthy        deployment.apps/prometheus-blackbox-exporter configured
root@dok:~/black_box# curl localhost:32000
curl: (56) Recv failure: Connection reset by peer
root@dok:~/black_box# kubectl get svc -n monitoring
NAME                                             TYPE        CLUSTER-IP      EXTERNAL-IP   PORT(S)                         AGE
alertmanager-operated                            ClusterIP   None            <none>        9093/TCP,9094/TCP,9094/UDP      23m
kube-prometheus-stack-alertmanager               ClusterIP   10.96.64.131    <none>        9093/TCP,8080/TCP               23m
kube-prometheus-stack-grafana                    NodePort    10.96.123.228   <none>        80:30000/TCP                    23m
kube-prometheus-stack-kube-state-metrics         ClusterIP   10.96.127.92    <none>        8080/TCP                        23m
kube-prometheus-stack-operator                   ClusterIP   10.96.31.191    <none>        443/TCP                         23m
kube-prometheus-stack-prometheus                 NodePort    10.96.191.20    <none>        9090:31000/TCP,8080:32059/TCP   23m
kube-prometheus-stack-prometheus-node-exporter   ClusterIP   10.96.239.113   <none>        9100/TCP                        23m
prometheus-blackbox-exporter                     NodePort    10.96.101.85    <none>        9115:31559/TCP                  24m
prometheus-operated                              ClusterIP   None            <none>        9090/TCP                        23m
root@dok:~/black_box# ss -tunlp | grep 32000
tcp   LISTEN 0      4096         0.0.0.0:32000      0.0.0.0:*    users:(("docker-proxy",pid=2772408,fd=4))    
root@dok:~/black_box# 
